
> konsinyasi-platform@2.0.0 build
> next build

npm : [baseline-browser-mapping] The data in this module is over two months 
old.  To ensure accurate Baseline data, please update: `npm i 
baseline-browser-mapping@latest -D`
At line:1 char:125
+ ... XT_PUBLIC_SUPABASE_ANON_KEY="placeholder"; npm run build 2>&1 | Tee-O ...
+                                                ~~~~~~~~~~~~~~~~~~
    + CategoryInfo          : NotSpecified: ([baseline-brows...ping@latest -D` 
   :String) [], RemoteException
    + FullyQualifiedErrorId : NativeCommandError
 
 ΓÜá Disabling outputFileTracing will not be an option in the next major 
version. Please report any issues you may be experiencing to 
https://github.com/vercel/next.js/issues
   Γû▓ Next.js 14.0.4
   - Environments: .env.local

   Creating an optimized production build ...
